// Jest Snapshot v1, https://goo.gl/fbAQLP

exports[`two 1`] = `2`;
